Archive member included because of file (symbol)

c:/winavr-20100110/bin/../lib/gcc/avr/4.3.3/avr6\libgcc.a(_mulsi3.o)
                              ./MCAL/ADC/adc.o (__mulsi3)
c:/winavr-20100110/bin/../lib/gcc/avr/4.3.3/avr6\libgcc.a(_exit.o)
                              c:/winavr-20100110/bin/../lib/gcc/avr/4.3.3/../../../../avr/lib/avr6/crtm2560.o (exit)
c:/winavr-20100110/bin/../lib/gcc/avr/4.3.3/avr6\libgcc.a(_clear_bss.o)
                              ./MCAL/UART/uart.o (__do_clear_bss)
c:/winavr-20100110/bin/../lib/gcc/avr/4.3.3/avr6\libgcc.a(_fixunssfsi.o)
                              ./MCAL/ADC/adc.o (__fixunssfsi)
c:/winavr-20100110/bin/../lib/gcc/avr/4.3.3/avr6\libgcc.a(_addsub_sf.o)
                              c:/winavr-20100110/bin/../lib/gcc/avr/4.3.3/avr6\libgcc.a(_fixunssfsi.o) (__subsf3)
c:/winavr-20100110/bin/../lib/gcc/avr/4.3.3/avr6\libgcc.a(_div_sf.o)
                              ./MCAL/ADC/adc.o (__divsf3)
c:/winavr-20100110/bin/../lib/gcc/avr/4.3.3/avr6\libgcc.a(_ge_sf.o)
                              c:/winavr-20100110/bin/../lib/gcc/avr/4.3.3/avr6\libgcc.a(_fixunssfsi.o) (__gesf2)
c:/winavr-20100110/bin/../lib/gcc/avr/4.3.3/avr6\libgcc.a(_sf_to_si.o)
                              ./Application/APP3/app3.o (__fixsfsi)
c:/winavr-20100110/bin/../lib/gcc/avr/4.3.3/avr6\libgcc.a(_thenan_sf.o)
                              c:/winavr-20100110/bin/../lib/gcc/avr/4.3.3/avr6\libgcc.a(_addsub_sf.o) (__thenan_sf)
c:/winavr-20100110/bin/../lib/gcc/avr/4.3.3/avr6\libgcc.a(_usi_to_sf.o)
                              ./MCAL/ADC/adc.o (__floatunsisf)
c:/winavr-20100110/bin/../lib/gcc/avr/4.3.3/avr6\libgcc.a(_prologue.o)
                              c:/winavr-20100110/bin/../lib/gcc/avr/4.3.3/avr6\libgcc.a(_addsub_sf.o) (__prologue_saves__)
c:/winavr-20100110/bin/../lib/gcc/avr/4.3.3/avr6\libgcc.a(_epilogue.o)
                              c:/winavr-20100110/bin/../lib/gcc/avr/4.3.3/avr6\libgcc.a(_addsub_sf.o) (__epilogue_restores__)
c:/winavr-20100110/bin/../lib/gcc/avr/4.3.3/avr6\libgcc.a(_clzsi2.o)
                              c:/winavr-20100110/bin/../lib/gcc/avr/4.3.3/avr6\libgcc.a(_usi_to_sf.o) (__clzsi2)
c:/winavr-20100110/bin/../lib/gcc/avr/4.3.3/avr6\libgcc.a(_pack_sf.o)
                              c:/winavr-20100110/bin/../lib/gcc/avr/4.3.3/avr6\libgcc.a(_addsub_sf.o) (__pack_f)
c:/winavr-20100110/bin/../lib/gcc/avr/4.3.3/avr6\libgcc.a(_unpack_sf.o)
                              c:/winavr-20100110/bin/../lib/gcc/avr/4.3.3/avr6\libgcc.a(_addsub_sf.o) (__unpack_f)
c:/winavr-20100110/bin/../lib/gcc/avr/4.3.3/avr6\libgcc.a(_fpcmp_parts_sf.o)
                              c:/winavr-20100110/bin/../lib/gcc/avr/4.3.3/avr6\libgcc.a(_ge_sf.o) (__fpcmp_parts_f)
c:/winavr-20100110/bin/../lib/gcc/avr/4.3.3/avr6\libgcc.a(_clz.o)
                              c:/winavr-20100110/bin/../lib/gcc/avr/4.3.3/avr6\libgcc.a(_clzsi2.o) (__clz_tab)
c:/winavr-20100110/bin/../lib/gcc/avr/4.3.3/../../../../avr/lib/avr6\libc.a(itoa.o)
                              ./HAL/voice_sensor/voice.o (itoa)
c:/winavr-20100110/bin/../lib/gcc/avr/4.3.3/../../../../avr/lib/avr6\libc.a(strrev.o)
                              c:/winavr-20100110/bin/../lib/gcc/avr/4.3.3/../../../../avr/lib/avr6\libc.a(itoa.o) (strrev)
c:/winavr-20100110/bin/../lib/gcc/avr/4.3.3/avr6\libgcc.a(_udivmodhi4.o)
                              c:/winavr-20100110/bin/../lib/gcc/avr/4.3.3/../../../../avr/lib/avr6\libc.a(itoa.o) (__udivmodhi4)

Allocating common symbols
Common symbol       size              file

read_spot           0x2               ./MCAL/UART/uart.o
input_buffer        0x2bc             ./MCAL/UART/uart.o

Memory Configuration

Name             Origin             Length             Attributes
text             0x00000000         0x00100000         xr
data             0x00800200         0x0000fe00         rw !x
eeprom           0x00810000         0x00010000         rw !x
fuse             0x00820000         0x00000400         rw !x
lock             0x00830000         0x00000400         rw !x
signature        0x00840000         0x00000400         rw !x
*default*        0x00000000         0xffffffff

Linker script and memory map

Address of section .data set to 0x800200
LOAD c:/winavr-20100110/bin/../lib/gcc/avr/4.3.3/../../../../avr/lib/avr6/crtm2560.o
LOAD ./MCAL/UART/uart.o
LOAD ./MCAL/Timer/Timer2/Timer2.o
LOAD ./MCAL/Timer/Timer0/Timer0.o
LOAD ./MCAL/DIO/DIO.o
LOAD ./MCAL/ADC/adc.o
LOAD ./HAL/voice_sensor/voice.o
LOAD ./HAL/Servo/servo.o
LOAD ./HAL/Motor/motors.o
LOAD ./HAL/LED/LED.o
LOAD ./HAL/Bluetooth/bluetooth.o
LOAD ./Application/MainApp/robot.o
LOAD ./Application/App2/App2.o
LOAD ./Application/App1/test_bluetooth.o
LOAD ./Application/APP3/app3.o
LOAD ./main.o
LOAD c:/winavr-20100110/bin/../lib/gcc/avr/4.3.3/avr6\libgcc.a
LOAD c:/winavr-20100110/bin/../lib/gcc/avr/4.3.3/../../../../avr/lib/avr6\libc.a
LOAD c:/winavr-20100110/bin/../lib/gcc/avr/4.3.3/avr6\libgcc.a

.hash
 *(.hash)

.dynsym
 *(.dynsym)

.dynstr
 *(.dynstr)

.gnu.version
 *(.gnu.version)

.gnu.version_d
 *(.gnu.version_d)

.gnu.version_r
 *(.gnu.version_r)

.rel.init
 *(.rel.init)

.rela.init
 *(.rela.init)

.rel.text
 *(.rel.text)
 *(.rel.text.*)
 *(.rel.gnu.linkonce.t*)

.rela.text
 *(.rela.text)
 *(.rela.text.*)
 *(.rela.gnu.linkonce.t*)

.rel.fini
 *(.rel.fini)

.rela.fini
 *(.rela.fini)

.rel.rodata
 *(.rel.rodata)
 *(.rel.rodata.*)
 *(.rel.gnu.linkonce.r*)

.rela.rodata
 *(.rela.rodata)
 *(.rela.rodata.*)
 *(.rela.gnu.linkonce.r*)

.rel.data
 *(.rel.data)
 *(.rel.data.*)
 *(.rel.gnu.linkonce.d*)

.rela.data
 *(.rela.data)
 *(.rela.data.*)
 *(.rela.gnu.linkonce.d*)

.rel.ctors
 *(.rel.ctors)

.rela.ctors
 *(.rela.ctors)

.rel.dtors
 *(.rel.dtors)

.rela.dtors
 *(.rela.dtors)

.rel.got
 *(.rel.got)

.rela.got
 *(.rela.got)

.rel.bss
 *(.rel.bss)

.rela.bss
 *(.rela.bss)

.rel.plt
 *(.rel.plt)

.rela.plt
 *(.rela.plt)

.text           0x00000000     0x3272
 *(.vectors)
 .vectors       0x00000000       0xe4 c:/winavr-20100110/bin/../lib/gcc/avr/4.3.3/../../../../avr/lib/avr6/crtm2560.o
                0x00000000                __vectors
                0x00000000                __vector_default
 *(.vectors)
 *(.progmem.gcc*)
 *(.progmem*)
                0x000000e4                . = ALIGN (0x2)
                0x000000e4                __trampolines_start = .
 *(.trampolines)
 .trampolines   0x000000e4        0x0 linker stubs
 *(.trampolines*)
                0x000000e4                __trampolines_end = .
 *(.jumptables)
 *(.jumptables*)
 *(.lowtext)
 *(.lowtext*)
                0x000000e4                __ctors_start = .
 *(.ctors)
                0x000000e4                __ctors_end = .
                0x000000e4                __dtors_start = .
 *(.dtors)
                0x000000e4                __dtors_end = .
 SORT(*)(.ctors)
 SORT(*)(.dtors)
 *(.init0)
 .init0         0x000000e4        0x0 c:/winavr-20100110/bin/../lib/gcc/avr/4.3.3/../../../../avr/lib/avr6/crtm2560.o
                0x000000e4                __init
 *(.init0)
 *(.init1)
 *(.init1)
 *(.init2)
 .init2         0x000000e4       0x10 c:/winavr-20100110/bin/../lib/gcc/avr/4.3.3/../../../../avr/lib/avr6/crtm2560.o
 *(.init2)
 *(.init3)
 *(.init3)
 *(.init4)
 .init4         0x000000f4       0x1a c:/winavr-20100110/bin/../lib/gcc/avr/4.3.3/../../../../avr/lib/avr6/crtm2560.o
                0x000000f4                __do_copy_data
 .init4         0x0000010e       0x10 c:/winavr-20100110/bin/../lib/gcc/avr/4.3.3/avr6\libgcc.a(_clear_bss.o)
                0x0000010e                __do_clear_bss
 *(.init4)
 *(.init5)
 *(.init5)
 *(.init6)
 *(.init6)
 *(.init7)
 *(.init7)
 *(.init8)
 *(.init8)
 *(.init9)
 .init9         0x0000011e        0x8 c:/winavr-20100110/bin/../lib/gcc/avr/4.3.3/../../../../avr/lib/avr6/crtm2560.o
 *(.init9)
 *(.text)
 .text          0x00000126        0x4 c:/winavr-20100110/bin/../lib/gcc/avr/4.3.3/../../../../avr/lib/avr6/crtm2560.o
                0x00000126                __vector_38
                0x00000126                __vector_22
                0x00000126                __vector_28
                0x00000126                __vector_1
                0x00000126                __vector_32
                0x00000126                __vector_34
                0x00000126                __vector_24
                0x00000126                __vector_12
                0x00000126                __vector_55
                0x00000126                __vector_46
                0x00000126                __bad_interrupt
                0x00000126                __vector_6
                0x00000126                __vector_31
                0x00000126                __vector_35
                0x00000126                __vector_39
                0x00000126                __vector_3
                0x00000126                __vector_23
                0x00000126                __vector_30
                0x00000126                __vector_45
                0x00000126                __vector_11
                0x00000126                __vector_54
                0x00000126                __vector_13
                0x00000126                __vector_17
                0x00000126                __vector_19
                0x00000126                __vector_56
                0x00000126                __vector_7
                0x00000126                __vector_49
                0x00000126                __vector_41
                0x00000126                __vector_43
                0x00000126                __vector_27
                0x00000126                __vector_5
                0x00000126                __vector_33
                0x00000126                __vector_47
                0x00000126                __vector_52
                0x00000126                __vector_37
                0x00000126                __vector_4
                0x00000126                __vector_44
                0x00000126                __vector_51
                0x00000126                __vector_9
                0x00000126                __vector_2
                0x00000126                __vector_21
                0x00000126                __vector_15
                0x00000126                __vector_36
                0x00000126                __vector_40
                0x00000126                __vector_8
                0x00000126                __vector_26
                0x00000126                __vector_48
                0x00000126                __vector_14
                0x00000126                __vector_53
                0x00000126                __vector_10
                0x00000126                __vector_50
                0x00000126                __vector_16
                0x00000126                __vector_18
                0x00000126                __vector_20
                0x00000126                __vector_42
 .text          0x0000012a        0x0 ./MCAL/UART/uart.o
 .text          0x0000012a        0x0 ./MCAL/Timer/Timer2/Timer2.o
 .text          0x0000012a        0x0 ./MCAL/Timer/Timer0/Timer0.o
 .text          0x0000012a        0x0 ./MCAL/DIO/DIO.o
 .text          0x0000012a        0x0 ./MCAL/ADC/adc.o
 .text          0x0000012a        0x0 ./HAL/voice_sensor/voice.o
 .text          0x0000012a        0x0 ./HAL/Servo/servo.o
 .text          0x0000012a        0x0 ./HAL/Motor/motors.o
 .text          0x0000012a        0x0 ./HAL/LED/LED.o
 .text          0x0000012a        0x0 ./HAL/Bluetooth/bluetooth.o
 .text          0x0000012a        0x0 ./Application/MainApp/robot.o
 .text          0x0000012a        0x0 ./Application/App2/App2.o
 .text          0x0000012a        0x0 ./Application/App1/test_bluetooth.o
 .text          0x0000012a        0x0 ./Application/APP3/app3.o
 .text          0x0000012a        0x0 ./main.o
 .text          0x0000012a        0x0 c:/winavr-20100110/bin/../lib/gcc/avr/4.3.3/avr6\libgcc.a(_mulsi3.o)
 .text          0x0000012a        0x0 c:/winavr-20100110/bin/../lib/gcc/avr/4.3.3/avr6\libgcc.a(_exit.o)
 .text          0x0000012a        0x0 c:/winavr-20100110/bin/../lib/gcc/avr/4.3.3/avr6\libgcc.a(_clear_bss.o)
 .text          0x0000012a       0x58 c:/winavr-20100110/bin/../lib/gcc/avr/4.3.3/avr6\libgcc.a(_fixunssfsi.o)
                0x0000012a                __fixunssfsi
 .text          0x00000182      0x354 c:/winavr-20100110/bin/../lib/gcc/avr/4.3.3/avr6\libgcc.a(_addsub_sf.o)
                0x0000041a                __subsf3
                0x0000047c                __addsf3
 .text          0x000004d6      0x158 c:/winavr-20100110/bin/../lib/gcc/avr/4.3.3/avr6\libgcc.a(_div_sf.o)
                0x000004d6                __divsf3
 .text          0x0000062e       0x60 c:/winavr-20100110/bin/../lib/gcc/avr/4.3.3/avr6\libgcc.a(_ge_sf.o)
                0x0000062e                __gesf2
 .text          0x0000068e       0xa8 c:/winavr-20100110/bin/../lib/gcc/avr/4.3.3/avr6\libgcc.a(_sf_to_si.o)
                0x0000068e                __fixsfsi
 .text          0x00000736        0x0 c:/winavr-20100110/bin/../lib/gcc/avr/4.3.3/avr6\libgcc.a(_thenan_sf.o)
 .text          0x00000736       0xf2 c:/winavr-20100110/bin/../lib/gcc/avr/4.3.3/avr6\libgcc.a(_usi_to_sf.o)
                0x00000736                __floatunsisf
 .text          0x00000828        0x0 c:/winavr-20100110/bin/../lib/gcc/avr/4.3.3/avr6\libgcc.a(_prologue.o)
 .text          0x00000828        0x0 c:/winavr-20100110/bin/../lib/gcc/avr/4.3.3/avr6\libgcc.a(_epilogue.o)
 .text          0x00000828       0x9e c:/winavr-20100110/bin/../lib/gcc/avr/4.3.3/avr6\libgcc.a(_clzsi2.o)
                0x00000828                __clzsi2
 .text          0x000008c6      0x1aa c:/winavr-20100110/bin/../lib/gcc/avr/4.3.3/avr6\libgcc.a(_pack_sf.o)
                0x000008c6                __pack_f
 .text          0x00000a70       0xf0 c:/winavr-20100110/bin/../lib/gcc/avr/4.3.3/avr6\libgcc.a(_unpack_sf.o)
                0x00000a70                __unpack_f
 .text          0x00000b60       0xb2 c:/winavr-20100110/bin/../lib/gcc/avr/4.3.3/avr6\libgcc.a(_fpcmp_parts_sf.o)
                0x00000b60                __fpcmp_parts_f
 .text          0x00000c12        0x0 c:/winavr-20100110/bin/../lib/gcc/avr/4.3.3/avr6\libgcc.a(_clz.o)
 .text          0x00000c12        0x0 c:/winavr-20100110/bin/../lib/gcc/avr/4.3.3/../../../../avr/lib/avr6\libc.a(itoa.o)
 .text          0x00000c12        0x0 c:/winavr-20100110/bin/../lib/gcc/avr/4.3.3/../../../../avr/lib/avr6\libc.a(strrev.o)
 .text          0x00000c12        0x0 c:/winavr-20100110/bin/../lib/gcc/avr/4.3.3/avr6\libgcc.a(_udivmodhi4.o)
                0x00000c12                . = ALIGN (0x2)
 *(.text.*)
 .text.__vector_25
                0x00000c12       0x72 ./MCAL/UART/uart.o
                0x00000c12                __vector_25
 .text.USART_INT_EN
                0x00000c84       0x1c ./MCAL/UART/uart.o
                0x00000c84                USART_INT_EN
 .text.USART_INT_DIS
                0x00000ca0       0x1c ./MCAL/UART/uart.o
                0x00000ca0                USART_INT_DIS
 .text.uart_start
                0x00000cbc       0x3c ./MCAL/UART/uart.o
                0x00000cbc                uart_start
 .text.uart_sendint
                0x00000cf8       0x48 ./MCAL/UART/uart.o
                0x00000cf8                uart_sendint
 .text.uart_sendint16
                0x00000d40       0x6e ./MCAL/UART/uart.o
                0x00000d40                uart_sendint16
 .text.uart_sendstr
                0x00000dae       0x68 ./MCAL/UART/uart.o
                0x00000dae                uart_sendstr
 .text.USART_Receive
                0x00000e16       0x1e ./MCAL/UART/uart.o
                0x00000e16                USART_Receive
 .text.int_setCallBack
                0x00000e34       0x26 ./MCAL/UART/uart.o
                0x00000e34                int_setCallBack
 .text.TIMER2_voidStartTimer
                0x00000e5a       0x22 ./MCAL/Timer/Timer2/Timer2.o
                0x00000e5a                TIMER2_voidStartTimer
 .text.TIMER2_voidStopTimer
                0x00000e7c       0x1a ./MCAL/Timer/Timer2/Timer2.o
                0x00000e7c                TIMER2_voidStopTimer
 .text.TIMER2_voidInitializeTimer2
                0x00000e96       0xae ./MCAL/Timer/Timer2/Timer2.o
                0x00000e96                TIMER2_voidInitializeTimer2
 .text.TIMER2_voidFastPWM
                0x00000f44       0x20 ./MCAL/Timer/Timer2/Timer2.o
                0x00000f44                TIMER2_voidFastPWM
 .text.TIMER0_voidStartTimer
                0x00000f64       0x22 ./MCAL/Timer/Timer0/Timer0.o
                0x00000f64                TIMER0_voidStartTimer
 .text.TIMER0_voidStopTimer
                0x00000f86       0x1a ./MCAL/Timer/Timer0/Timer0.o
                0x00000f86                TIMER0_voidStopTimer
 .text.TIMER0_voidInitializeTIMER0
                0x00000fa0       0xae ./MCAL/Timer/Timer0/Timer0.o
                0x00000fa0                TIMER0_voidInitializeTIMER0
 .text.TIMER0_voidFastPWM
                0x0000104e       0x20 ./MCAL/Timer/Timer0/Timer0.o
                0x0000104e                TIMER0_voidFastPWM
 .text.pin_init
                0x0000106e      0x51c ./MCAL/DIO/DIO.o
                0x0000106e                pin_init
 .text.port_init
                0x0000158a      0x168 ./MCAL/DIO/DIO.o
                0x0000158a                port_init
 .text.pin_read
                0x000016f2      0x294 ./MCAL/DIO/DIO.o
                0x000016f2                pin_read
 .text.Write_Pin
                0x00001986      0x400 ./MCAL/DIO/DIO.o
                0x00001986                Write_Pin
 .text.pin_write
                0x00001d86      0x4f6 ./MCAL/DIO/DIO.o
                0x00001d86                pin_write
 .text.port_read
                0x0000227c      0x13c ./MCAL/DIO/DIO.o
                0x0000227c                port_read
 .text.port_write
                0x000023b8      0x136 ./MCAL/DIO/DIO.o
                0x000023b8                port_write
 .text.__vector_29
                0x000024ee       0x82 ./MCAL/ADC/adc.o
                0x000024ee                __vector_29
 .text.ADC_INT_EN
                0x00002570       0x1c ./MCAL/ADC/adc.o
                0x00002570                ADC_INT_EN
 .text.ADC_INT_DIS
                0x0000258c       0x1c ./MCAL/ADC/adc.o
                0x0000258c                ADC_INT_DIS
 .text.ADC_init
                0x000025a8       0x38 ./MCAL/ADC/adc.o
                0x000025a8                ADC_init
 .text.ADC_readChannel
                0x000025e0       0xba ./MCAL/ADC/adc.o
                0x000025e0                ADC_readChannel
 .text.ADC_setCallBack
                0x0000269a       0x26 ./MCAL/ADC/adc.o
                0x0000269a                ADC_setCallBack
 .text.Compare_Action
                0x000026c0       0xde ./HAL/voice_sensor/voice.o
                0x000026c0                Compare_Action
 .text.Voice_Sensor_Init
                0x0000279e       0x1a ./HAL/voice_sensor/voice.o
                0x0000279e                Voice_Sensor_Init
 .text.sensorRead
                0x000027b8       0x2c ./HAL/voice_sensor/voice.o
                0x000027b8                sensorRead
 .text.Servo_Init
                0x000027e4       0x84 ./HAL/Servo/servo.o
                0x000027e4                Servo_Init
 .text.Increase_angle
                0x00002868       0x94 ./HAL/Servo/servo.o
                0x00002868                Increase_angle
 .text.Decrease_angle
                0x000028fc       0x94 ./HAL/Servo/servo.o
                0x000028fc                Decrease_angle
 .text.motor_init
                0x00002990       0x54 ./HAL/Motor/motors.o
                0x00002990                motor_init
 .text.motor_start
                0x000029e4       0x26 ./HAL/Motor/motors.o
                0x000029e4                motor_start
 .text.set_mspeed
                0x00002a0a       0x14 ./HAL/Motor/motors.o
                0x00002a0a                set_mspeed
 .text.set_direction
                0x00002a1e      0x10c ./HAL/Motor/motors.o
                0x00002a1e                set_direction
 .text.motor_stop
                0x00002b2a       0x36 ./HAL/Motor/motors.o
                0x00002b2a                motor_stop
 .text.LED_Init
                0x00002b60       0x1c ./HAL/LED/LED.o
                0x00002b60                LED_Init
 .text.LED_ON   0x00002b7c       0x1c ./HAL/LED/LED.o
                0x00002b7c                LED_ON
 .text.LED_OFF  0x00002b98       0x1c ./HAL/LED/LED.o
                0x00002b98                LED_OFF
 .text.LED2_ON  0x00002bb4       0x1c ./HAL/LED/LED.o
                0x00002bb4                LED2_ON
 .text.LED2_OFF
                0x00002bd0       0x1c ./HAL/LED/LED.o
                0x00002bd0                LED2_OFF
 .text.Bluetooth_ISR
                0x00002bec       0x8c ./HAL/Bluetooth/bluetooth.o
                0x00002bec                Bluetooth_ISR
 .text.HC05_init
                0x00002c78       0x1a ./HAL/Bluetooth/bluetooth.o
                0x00002c78                HC05_init
 .text.Bluetooth_Read
                0x00002c92       0x12 ./HAL/Bluetooth/bluetooth.o
                0x00002c92                Bluetooth_Read
 .text.Bluetooth_Write
                0x00002ca4       0x1a ./HAL/Bluetooth/bluetooth.o
                0x00002ca4                Bluetooth_Write
 .text.Bluetooth_Write_String
                0x00002cbe       0x3c ./HAL/Bluetooth/bluetooth.o
                0x00002cbe                Bluetooth_Write_String
 .text.MainApp  0x00002cfa      0x19c ./Application/MainApp/robot.o
                0x00002cfa                MainApp
 .text.op       0x00002e96       0x12 ./Application/App2/App2.o
                0x00002e96                op
 .text.test_dio
                0x00002ea8        0xa ./Application/App2/App2.o
                0x00002ea8                test_dio
 .text.Delay    0x00002eb2       0x70 ./Application/App1/test_bluetooth.o
                0x00002eb2                Delay
 .text.Test_Bluetooth
                0x00002f22       0x40 ./Application/App1/test_bluetooth.o
                0x00002f22                Test_Bluetooth
 .text.testadc  0x00002f62      0x1c0 ./Application/APP3/app3.o
                0x00002f62                testadc
 .text.main     0x00003122       0x16 ./main.o
                0x00003122                main
 .text.libgcc   0x00003138       0x3e c:/winavr-20100110/bin/../lib/gcc/avr/4.3.3/avr6\libgcc.a(_mulsi3.o)
                0x00003138                __mulsi3
 .text.libgcc   0x00003176        0x0 c:/winavr-20100110/bin/../lib/gcc/avr/4.3.3/avr6\libgcc.a(_exit.o)
 .text.libgcc   0x00003176        0x0 c:/winavr-20100110/bin/../lib/gcc/avr/4.3.3/avr6\libgcc.a(_clear_bss.o)
 .text.libgcc   0x00003176       0x38 c:/winavr-20100110/bin/../lib/gcc/avr/4.3.3/avr6\libgcc.a(_prologue.o)
                0x00003176                __prologue_saves__
 .text.libgcc   0x000031ae       0x36 c:/winavr-20100110/bin/../lib/gcc/avr/4.3.3/avr6\libgcc.a(_epilogue.o)
                0x000031ae                __epilogue_restores__
 .text.avr-libc
                0x000031e4       0x42 c:/winavr-20100110/bin/../lib/gcc/avr/4.3.3/../../../../avr/lib/avr6\libc.a(itoa.o)
                0x000031e4                itoa
 .text.avr-libc
                0x00003226       0x20 c:/winavr-20100110/bin/../lib/gcc/avr/4.3.3/../../../../avr/lib/avr6\libc.a(strrev.o)
                0x00003226                strrev
 .text.libgcc   0x00003246       0x28 c:/winavr-20100110/bin/../lib/gcc/avr/4.3.3/avr6\libgcc.a(_udivmodhi4.o)
                0x00003246                __udivmodhi4
                0x0000326e                . = ALIGN (0x2)
 *(.fini9)
 .fini9         0x0000326e        0x0 c:/winavr-20100110/bin/../lib/gcc/avr/4.3.3/avr6\libgcc.a(_exit.o)
                0x0000326e                exit
                0x0000326e                _exit
 *(.fini9)
 *(.fini8)
 *(.fini8)
 *(.fini7)
 *(.fini7)
 *(.fini6)
 *(.fini6)
 *(.fini5)
 *(.fini5)
 *(.fini4)
 *(.fini4)
 *(.fini3)
 *(.fini3)
 *(.fini2)
 *(.fini2)
 *(.fini1)
 *(.fini1)
 *(.fini0)
 .fini0         0x0000326e        0x4 c:/winavr-20100110/bin/../lib/gcc/avr/4.3.3/avr6\libgcc.a(_exit.o)
 *(.fini0)
                0x00003272                _etext = .

.data           0x00800200      0x13c load address 0x00003272
                0x00800200                PROVIDE (__data_start, .)
 *(.data)
 .data          0x00800200        0x0 c:/winavr-20100110/bin/../lib/gcc/avr/4.3.3/../../../../avr/lib/avr6/crtm2560.o
 .data          0x00800200        0x0 ./MCAL/UART/uart.o
 .data          0x00800200        0x0 ./MCAL/Timer/Timer2/Timer2.o
 .data          0x00800200        0x0 ./MCAL/Timer/Timer0/Timer0.o
 .data          0x00800200        0x0 ./MCAL/DIO/DIO.o
 .data          0x00800200        0x0 ./MCAL/ADC/adc.o
 .data          0x00800200        0x4 ./HAL/voice_sensor/voice.o
 .data          0x00800204        0x0 ./HAL/Servo/servo.o
 .data          0x00800204        0x0 ./HAL/Motor/motors.o
 .data          0x00800204        0x0 ./HAL/LED/LED.o
 .data          0x00800204       0x18 ./HAL/Bluetooth/bluetooth.o
 .data          0x0080021c        0x0 ./Application/MainApp/robot.o
 .data          0x0080021c        0x0 ./Application/App2/App2.o
 .data          0x0080021c        0x0 ./Application/App1/test_bluetooth.o
 .data          0x0080021c        0x0 ./Application/APP3/app3.o
 .data          0x0080021c        0x0 ./main.o
 .data          0x0080021c        0x0 c:/winavr-20100110/bin/../lib/gcc/avr/4.3.3/avr6\libgcc.a(_mulsi3.o)
 .data          0x0080021c        0x0 c:/winavr-20100110/bin/../lib/gcc/avr/4.3.3/avr6\libgcc.a(_exit.o)
 .data          0x0080021c        0x0 c:/winavr-20100110/bin/../lib/gcc/avr/4.3.3/avr6\libgcc.a(_clear_bss.o)
 .data          0x0080021c        0x0 c:/winavr-20100110/bin/../lib/gcc/avr/4.3.3/avr6\libgcc.a(_fixunssfsi.o)
 .data          0x0080021c        0x0 c:/winavr-20100110/bin/../lib/gcc/avr/4.3.3/avr6\libgcc.a(_addsub_sf.o)
 .data          0x0080021c        0x0 c:/winavr-20100110/bin/../lib/gcc/avr/4.3.3/avr6\libgcc.a(_div_sf.o)
 .data          0x0080021c        0x0 c:/winavr-20100110/bin/../lib/gcc/avr/4.3.3/avr6\libgcc.a(_ge_sf.o)
 .data          0x0080021c        0x0 c:/winavr-20100110/bin/../lib/gcc/avr/4.3.3/avr6\libgcc.a(_sf_to_si.o)
 .data          0x0080021c        0x8 c:/winavr-20100110/bin/../lib/gcc/avr/4.3.3/avr6\libgcc.a(_thenan_sf.o)
                0x0080021c                __thenan_sf
 .data          0x00800224        0x0 c:/winavr-20100110/bin/../lib/gcc/avr/4.3.3/avr6\libgcc.a(_usi_to_sf.o)
 .data          0x00800224        0x0 c:/winavr-20100110/bin/../lib/gcc/avr/4.3.3/avr6\libgcc.a(_prologue.o)
 .data          0x00800224        0x0 c:/winavr-20100110/bin/../lib/gcc/avr/4.3.3/avr6\libgcc.a(_epilogue.o)
 .data          0x00800224        0x0 c:/winavr-20100110/bin/../lib/gcc/avr/4.3.3/avr6\libgcc.a(_clzsi2.o)
 .data          0x00800224        0x0 c:/winavr-20100110/bin/../lib/gcc/avr/4.3.3/avr6\libgcc.a(_pack_sf.o)
 .data          0x00800224        0x0 c:/winavr-20100110/bin/../lib/gcc/avr/4.3.3/avr6\libgcc.a(_unpack_sf.o)
 .data          0x00800224        0x0 c:/winavr-20100110/bin/../lib/gcc/avr/4.3.3/avr6\libgcc.a(_fpcmp_parts_sf.o)
 .data          0x00800224      0x100 c:/winavr-20100110/bin/../lib/gcc/avr/4.3.3/avr6\libgcc.a(_clz.o)
                0x00800224                __clz_tab
 .data          0x00800324        0x0 c:/winavr-20100110/bin/../lib/gcc/avr/4.3.3/../../../../avr/lib/avr6\libc.a(itoa.o)
 .data          0x00800324        0x0 c:/winavr-20100110/bin/../lib/gcc/avr/4.3.3/../../../../avr/lib/avr6\libc.a(strrev.o)
 .data          0x00800324        0x0 c:/winavr-20100110/bin/../lib/gcc/avr/4.3.3/avr6\libgcc.a(_udivmodhi4.o)
 *(.data*)
 .data.TIMER2_u16Prescaler
                0x00800324        0x2 ./MCAL/Timer/Timer2/Timer2.o
 .data.TIMER0_u16Prescaler
                0x00800326        0x2 ./MCAL/Timer/Timer0/Timer0.o
 .data.duty_cycle_S1
                0x00800328        0x1 ./HAL/Servo/servo.o
                0x00800328                duty_cycle_S1
 .data.duty_cycle_S2
                0x00800329        0x1 ./HAL/Servo/servo.o
                0x00800329                duty_cycle_S2
 .data.pd0      0x0080032a        0x4 ./HAL/Motor/motors.o
                0x0080032a                pd0
 .data.pd1      0x0080032e        0x4 ./HAL/Motor/motors.o
                0x0080032e                pd1
 .data.pd2      0x00800332        0x4 ./HAL/Motor/motors.o
                0x00800332                pd2
 .data.pd3      0x00800336        0x4 ./HAL/Motor/motors.o
                0x00800336                pd3
 .data.system_state
                0x0080033a        0x1 ./Application/MainApp/robot.o
                0x0080033a                system_state
 .data.auto_state
                0x0080033b        0x1 ./Application/MainApp/robot.o
                0x0080033b                auto_state
 *(.rodata)
 *(.rodata*)
 *(.gnu.linkonce.d*)
                0x0080033c                . = ALIGN (0x2)
                0x0080033c                _edata = .
                0x0080033c                PROVIDE (__data_end, .)

.bss            0x0080033c      0x2c8
                0x0080033c                PROVIDE (__bss_start, .)
 *(.bss)
 .bss           0x0080033c        0x0 c:/winavr-20100110/bin/../lib/gcc/avr/4.3.3/../../../../avr/lib/avr6/crtm2560.o
 .bss           0x0080033c        0x0 ./MCAL/UART/uart.o
 .bss           0x0080033c        0x0 ./MCAL/Timer/Timer2/Timer2.o
 .bss           0x0080033c        0x0 ./MCAL/Timer/Timer0/Timer0.o
 .bss           0x0080033c        0x0 ./MCAL/DIO/DIO.o
 .bss           0x0080033c        0x0 ./MCAL/ADC/adc.o
 .bss           0x0080033c        0x0 ./HAL/voice_sensor/voice.o
 .bss           0x0080033c        0x0 ./HAL/Servo/servo.o
 .bss           0x0080033c        0x0 ./HAL/Motor/motors.o
 .bss           0x0080033c        0x0 ./HAL/LED/LED.o
 .bss           0x0080033c        0x0 ./HAL/Bluetooth/bluetooth.o
 .bss           0x0080033c        0x0 ./Application/MainApp/robot.o
 .bss           0x0080033c        0x0 ./Application/App2/App2.o
 .bss           0x0080033c        0x0 ./Application/App1/test_bluetooth.o
 .bss           0x0080033c        0x0 ./Application/APP3/app3.o
 .bss           0x0080033c        0x0 ./main.o
 .bss           0x0080033c        0x0 c:/winavr-20100110/bin/../lib/gcc/avr/4.3.3/avr6\libgcc.a(_mulsi3.o)
 .bss           0x0080033c        0x0 c:/winavr-20100110/bin/../lib/gcc/avr/4.3.3/avr6\libgcc.a(_exit.o)
 .bss           0x0080033c        0x0 c:/winavr-20100110/bin/../lib/gcc/avr/4.3.3/avr6\libgcc.a(_clear_bss.o)
 .bss           0x0080033c        0x0 c:/winavr-20100110/bin/../lib/gcc/avr/4.3.3/avr6\libgcc.a(_fixunssfsi.o)
 .bss           0x0080033c        0x0 c:/winavr-20100110/bin/../lib/gcc/avr/4.3.3/avr6\libgcc.a(_addsub_sf.o)
 .bss           0x0080033c        0x0 c:/winavr-20100110/bin/../lib/gcc/avr/4.3.3/avr6\libgcc.a(_div_sf.o)
 .bss           0x0080033c        0x0 c:/winavr-20100110/bin/../lib/gcc/avr/4.3.3/avr6\libgcc.a(_ge_sf.o)
 .bss           0x0080033c        0x0 c:/winavr-20100110/bin/../lib/gcc/avr/4.3.3/avr6\libgcc.a(_sf_to_si.o)
 .bss           0x0080033c        0x0 c:/winavr-20100110/bin/../lib/gcc/avr/4.3.3/avr6\libgcc.a(_thenan_sf.o)
 .bss           0x0080033c        0x0 c:/winavr-20100110/bin/../lib/gcc/avr/4.3.3/avr6\libgcc.a(_usi_to_sf.o)
 .bss           0x0080033c        0x0 c:/winavr-20100110/bin/../lib/gcc/avr/4.3.3/avr6\libgcc.a(_prologue.o)
 .bss           0x0080033c        0x0 c:/winavr-20100110/bin/../lib/gcc/avr/4.3.3/avr6\libgcc.a(_epilogue.o)
 .bss           0x0080033c        0x0 c:/winavr-20100110/bin/../lib/gcc/avr/4.3.3/avr6\libgcc.a(_clzsi2.o)
 .bss           0x0080033c        0x0 c:/winavr-20100110/bin/../lib/gcc/avr/4.3.3/avr6\libgcc.a(_pack_sf.o)
 .bss           0x0080033c        0x0 c:/winavr-20100110/bin/../lib/gcc/avr/4.3.3/avr6\libgcc.a(_unpack_sf.o)
 .bss           0x0080033c        0x0 c:/winavr-20100110/bin/../lib/gcc/avr/4.3.3/avr6\libgcc.a(_fpcmp_parts_sf.o)
 .bss           0x0080033c        0x0 c:/winavr-20100110/bin/../lib/gcc/avr/4.3.3/avr6\libgcc.a(_clz.o)
 .bss           0x0080033c        0x0 c:/winavr-20100110/bin/../lib/gcc/avr/4.3.3/../../../../avr/lib/avr6\libc.a(itoa.o)
 .bss           0x0080033c        0x0 c:/winavr-20100110/bin/../lib/gcc/avr/4.3.3/../../../../avr/lib/avr6\libc.a(strrev.o)
 .bss           0x0080033c        0x0 c:/winavr-20100110/bin/../lib/gcc/avr/4.3.3/avr6\libgcc.a(_udivmodhi4.o)
 *(.bss*)
 .bss.int_callBackPtr
                0x0080033c        0x2 ./MCAL/UART/uart.o
 .bss.TIMER2_uint8_tTCCR2A_Value
                0x0080033e        0x1 ./MCAL/Timer/Timer2/Timer2.o
 .bss.TIMER2_uint8_tTCCR2B_Value
                0x0080033f        0x1 ./MCAL/Timer/Timer2/Timer2.o
 .bss.TIMER0_uint8_tTCCR0A_Value
                0x00800340        0x1 ./MCAL/Timer/Timer0/Timer0.o
 .bss.TIMER0_uint8_tTCCR0B_Value
                0x00800341        0x1 ./MCAL/Timer/Timer0/Timer0.o
 .bss.g_adcResult
                0x00800342        0x2 ./MCAL/ADC/adc.o
                0x00800342                g_adcResult
 .bss.ADC_callBackPtr
                0x00800344        0x2 ./MCAL/ADC/adc.o
 *(COMMON)
 COMMON         0x00800346      0x2be ./MCAL/UART/uart.o
                0x00800346                read_spot
                0x00800348                input_buffer
                0x00800604                PROVIDE (__bss_end, .)
                0x00003272                __data_load_start = LOADADDR (.data)
                0x000033ae                __data_load_end = (__data_load_start + SIZEOF (.data))

.noinit         0x00800604        0x0
                0x00800604                PROVIDE (__noinit_start, .)
 *(.noinit*)
                0x00800604                PROVIDE (__noinit_end, .)
                0x00800604                _end = .
                0x00800604                PROVIDE (__heap_start, .)

.eeprom         0x00810000        0x0
 *(.eeprom*)
                0x00810000                __eeprom_end = .

.fuse
 *(.fuse)
 *(.lfuse)
 *(.hfuse)
 *(.efuse)

.lock
 *(.lock*)

.signature
 *(.signature*)

.stab           0x00000000     0x3e04
 *(.stab)
 .stab          0x00000000      0x648 ./MCAL/UART/uart.o
 .stab          0x00000648      0x390 ./MCAL/Timer/Timer2/Timer2.o
                                0x39c (size before relaxing)
 .stab          0x000009d8      0x390 ./MCAL/Timer/Timer0/Timer0.o
                                0x39c (size before relaxing)
 .stab          0x00000d68      0x99c ./MCAL/DIO/DIO.o
                                0x9a8 (size before relaxing)
 .stab          0x00001704      0x504 ./MCAL/ADC/adc.o
                                0x540 (size before relaxing)
 .stab          0x00001c08      0x3b4 ./HAL/voice_sensor/voice.o
                                0x3c0 (size before relaxing)
 .stab          0x00001fbc      0x474 ./HAL/Servo/servo.o
                                0x480 (size before relaxing)
 .stab          0x00002430      0x540 ./HAL/Motor/motors.o
                                0x54c (size before relaxing)
 .stab          0x00002970      0x390 ./HAL/LED/LED.o
                                0x3cc (size before relaxing)
 .stab          0x00002d00      0x378 ./HAL/Bluetooth/bluetooth.o
                                0x384 (size before relaxing)
 .stab          0x00003078      0x408 ./Application/MainApp/robot.o
                                0x414 (size before relaxing)
 .stab          0x00003480      0x204 ./Application/App2/App2.o
                                0x210 (size before relaxing)
 .stab          0x00003684      0x2b8 ./Application/App1/test_bluetooth.o
                                0x2c4 (size before relaxing)
 .stab          0x0000393c      0x33c ./Application/APP3/app3.o
                                0x39c (size before relaxing)
 .stab          0x00003c78      0x18c ./main.o
                                0x408 (size before relaxing)

.stabstr        0x00000000     0x28a2
 *(.stabstr)
 .stabstr       0x00000000     0x28a2 ./MCAL/UART/uart.o

.stab.excl
 *(.stab.excl)

.stab.exclstr
 *(.stab.exclstr)

.stab.index
 *(.stab.index)

.stab.indexstr
 *(.stab.indexstr)

.comment
 *(.comment)

.debug
 *(.debug)

.line
 *(.line)

.debug_srcinfo
 *(.debug_srcinfo)

.debug_sfnames
 *(.debug_sfnames)

.debug_aranges  0x00000000      0x140
 *(.debug_aranges)
 .debug_aranges
                0x00000000       0x20 c:/winavr-20100110/bin/../lib/gcc/avr/4.3.3/avr6\libgcc.a(_fixunssfsi.o)
 .debug_aranges
                0x00000020       0x20 c:/winavr-20100110/bin/../lib/gcc/avr/4.3.3/avr6\libgcc.a(_addsub_sf.o)
 .debug_aranges
                0x00000040       0x20 c:/winavr-20100110/bin/../lib/gcc/avr/4.3.3/avr6\libgcc.a(_div_sf.o)
 .debug_aranges
                0x00000060       0x20 c:/winavr-20100110/bin/../lib/gcc/avr/4.3.3/avr6\libgcc.a(_ge_sf.o)
 .debug_aranges
                0x00000080       0x20 c:/winavr-20100110/bin/../lib/gcc/avr/4.3.3/avr6\libgcc.a(_sf_to_si.o)
 .debug_aranges
                0x000000a0       0x20 c:/winavr-20100110/bin/../lib/gcc/avr/4.3.3/avr6\libgcc.a(_usi_to_sf.o)
 .debug_aranges
                0x000000c0       0x20 c:/winavr-20100110/bin/../lib/gcc/avr/4.3.3/avr6\libgcc.a(_clzsi2.o)
 .debug_aranges
                0x000000e0       0x20 c:/winavr-20100110/bin/../lib/gcc/avr/4.3.3/avr6\libgcc.a(_pack_sf.o)
 .debug_aranges
                0x00000100       0x20 c:/winavr-20100110/bin/../lib/gcc/avr/4.3.3/avr6\libgcc.a(_unpack_sf.o)
 .debug_aranges
                0x00000120       0x20 c:/winavr-20100110/bin/../lib/gcc/avr/4.3.3/avr6\libgcc.a(_fpcmp_parts_sf.o)

.debug_pubnames
                0x00000000      0x197
 *(.debug_pubnames)
 .debug_pubnames
                0x00000000       0x23 c:/winavr-20100110/bin/../lib/gcc/avr/4.3.3/avr6\libgcc.a(_fixunssfsi.o)
 .debug_pubnames
                0x00000023       0x2c c:/winavr-20100110/bin/../lib/gcc/avr/4.3.3/avr6\libgcc.a(_addsub_sf.o)
 .debug_pubnames
                0x0000004f       0x1f c:/winavr-20100110/bin/../lib/gcc/avr/4.3.3/avr6\libgcc.a(_div_sf.o)
 .debug_pubnames
                0x0000006e       0x1e c:/winavr-20100110/bin/../lib/gcc/avr/4.3.3/avr6\libgcc.a(_ge_sf.o)
 .debug_pubnames
                0x0000008c       0x20 c:/winavr-20100110/bin/../lib/gcc/avr/4.3.3/avr6\libgcc.a(_sf_to_si.o)
 .debug_pubnames
                0x000000ac       0x22 c:/winavr-20100110/bin/../lib/gcc/avr/4.3.3/avr6\libgcc.a(_thenan_sf.o)
 .debug_pubnames
                0x000000ce       0x24 c:/winavr-20100110/bin/../lib/gcc/avr/4.3.3/avr6\libgcc.a(_usi_to_sf.o)
 .debug_pubnames
                0x000000f2       0x1f c:/winavr-20100110/bin/../lib/gcc/avr/4.3.3/avr6\libgcc.a(_clzsi2.o)
 .debug_pubnames
                0x00000111       0x1f c:/winavr-20100110/bin/../lib/gcc/avr/4.3.3/avr6\libgcc.a(_pack_sf.o)
 .debug_pubnames
                0x00000130       0x21 c:/winavr-20100110/bin/../lib/gcc/avr/4.3.3/avr6\libgcc.a(_unpack_sf.o)
 .debug_pubnames
                0x00000151       0x26 c:/winavr-20100110/bin/../lib/gcc/avr/4.3.3/avr6\libgcc.a(_fpcmp_parts_sf.o)
 .debug_pubnames
                0x00000177       0x20 c:/winavr-20100110/bin/../lib/gcc/avr/4.3.3/avr6\libgcc.a(_clz.o)

.debug_info     0x00000000     0x1a88
 *(.debug_info)
 .debug_info    0x00000000       0xb1 c:/winavr-20100110/bin/../lib/gcc/avr/4.3.3/avr6\libgcc.a(_fixunssfsi.o)
 .debug_info    0x000000b1      0x47a c:/winavr-20100110/bin/../lib/gcc/avr/4.3.3/avr6\libgcc.a(_addsub_sf.o)
 .debug_info    0x0000052b      0x3fc c:/winavr-20100110/bin/../lib/gcc/avr/4.3.3/avr6\libgcc.a(_div_sf.o)
 .debug_info    0x00000927      0x27f c:/winavr-20100110/bin/../lib/gcc/avr/4.3.3/avr6\libgcc.a(_ge_sf.o)
 .debug_info    0x00000ba6      0x2b0 c:/winavr-20100110/bin/../lib/gcc/avr/4.3.3/avr6\libgcc.a(_sf_to_si.o)
 .debug_info    0x00000e56      0x12c c:/winavr-20100110/bin/../lib/gcc/avr/4.3.3/avr6\libgcc.a(_thenan_sf.o)
 .debug_info    0x00000f82      0x206 c:/winavr-20100110/bin/../lib/gcc/avr/4.3.3/avr6\libgcc.a(_usi_to_sf.o)
 .debug_info    0x00001188      0x117 c:/winavr-20100110/bin/../lib/gcc/avr/4.3.3/avr6\libgcc.a(_clzsi2.o)
 .debug_info    0x0000129f      0x2df c:/winavr-20100110/bin/../lib/gcc/avr/4.3.3/avr6\libgcc.a(_pack_sf.o)
 .debug_info    0x0000157e      0x251 c:/winavr-20100110/bin/../lib/gcc/avr/4.3.3/avr6\libgcc.a(_unpack_sf.o)
 .debug_info    0x000017cf      0x210 c:/winavr-20100110/bin/../lib/gcc/avr/4.3.3/avr6\libgcc.a(_fpcmp_parts_sf.o)
 .debug_info    0x000019df       0xa9 c:/winavr-20100110/bin/../lib/gcc/avr/4.3.3/avr6\libgcc.a(_clz.o)
 *(.gnu.linkonce.wi.*)

.debug_abbrev   0x00000000      0xeb7
 *(.debug_abbrev)
 .debug_abbrev  0x00000000       0x5d c:/winavr-20100110/bin/../lib/gcc/avr/4.3.3/avr6\libgcc.a(_fixunssfsi.o)
 .debug_abbrev  0x0000005d      0x1ea c:/winavr-20100110/bin/../lib/gcc/avr/4.3.3/avr6\libgcc.a(_addsub_sf.o)
 .debug_abbrev  0x00000247      0x216 c:/winavr-20100110/bin/../lib/gcc/avr/4.3.3/avr6\libgcc.a(_div_sf.o)
 .debug_abbrev  0x0000045d      0x15a c:/winavr-20100110/bin/../lib/gcc/avr/4.3.3/avr6\libgcc.a(_ge_sf.o)
 .debug_abbrev  0x000005b7      0x17f c:/winavr-20100110/bin/../lib/gcc/avr/4.3.3/avr6\libgcc.a(_sf_to_si.o)
 .debug_abbrev  0x00000736       0xad c:/winavr-20100110/bin/../lib/gcc/avr/4.3.3/avr6\libgcc.a(_thenan_sf.o)
 .debug_abbrev  0x000007e3      0x157 c:/winavr-20100110/bin/../lib/gcc/avr/4.3.3/avr6\libgcc.a(_usi_to_sf.o)
 .debug_abbrev  0x0000093a       0xc4 c:/winavr-20100110/bin/../lib/gcc/avr/4.3.3/avr6\libgcc.a(_clzsi2.o)
 .debug_abbrev  0x000009fe      0x1c0 c:/winavr-20100110/bin/../lib/gcc/avr/4.3.3/avr6\libgcc.a(_pack_sf.o)
 .debug_abbrev  0x00000bbe      0x154 c:/winavr-20100110/bin/../lib/gcc/avr/4.3.3/avr6\libgcc.a(_unpack_sf.o)
 .debug_abbrev  0x00000d12      0x13b c:/winavr-20100110/bin/../lib/gcc/avr/4.3.3/avr6\libgcc.a(_fpcmp_parts_sf.o)
 .debug_abbrev  0x00000e4d       0x6a c:/winavr-20100110/bin/../lib/gcc/avr/4.3.3/avr6\libgcc.a(_clz.o)

.debug_line     0x00000000      0xdf7
 *(.debug_line)
 .debug_line    0x00000000       0xa7 c:/winavr-20100110/bin/../lib/gcc/avr/4.3.3/avr6\libgcc.a(_fixunssfsi.o)
 .debug_line    0x000000a7      0x2af c:/winavr-20100110/bin/../lib/gcc/avr/4.3.3/avr6\libgcc.a(_addsub_sf.o)
 .debug_line    0x00000356      0x1d5 c:/winavr-20100110/bin/../lib/gcc/avr/4.3.3/avr6\libgcc.a(_div_sf.o)
 .debug_line    0x0000052b       0xd3 c:/winavr-20100110/bin/../lib/gcc/avr/4.3.3/avr6\libgcc.a(_ge_sf.o)
 .debug_line    0x000005fe      0x109 c:/winavr-20100110/bin/../lib/gcc/avr/4.3.3/avr6\libgcc.a(_sf_to_si.o)
 .debug_line    0x00000707       0x90 c:/winavr-20100110/bin/../lib/gcc/avr/4.3.3/avr6\libgcc.a(_thenan_sf.o)
 .debug_line    0x00000797      0x133 c:/winavr-20100110/bin/../lib/gcc/avr/4.3.3/avr6\libgcc.a(_usi_to_sf.o)
 .debug_line    0x000008ca       0xa5 c:/winavr-20100110/bin/../lib/gcc/avr/4.3.3/avr6\libgcc.a(_clzsi2.o)
 .debug_line    0x0000096f      0x18a c:/winavr-20100110/bin/../lib/gcc/avr/4.3.3/avr6\libgcc.a(_pack_sf.o)
 .debug_line    0x00000af9      0x14b c:/winavr-20100110/bin/../lib/gcc/avr/4.3.3/avr6\libgcc.a(_unpack_sf.o)
 .debug_line    0x00000c44      0x137 c:/winavr-20100110/bin/../lib/gcc/avr/4.3.3/avr6\libgcc.a(_fpcmp_parts_sf.o)
 .debug_line    0x00000d7b       0x7c c:/winavr-20100110/bin/../lib/gcc/avr/4.3.3/avr6\libgcc.a(_clz.o)

.debug_frame    0x00000000      0x160
 *(.debug_frame)
 .debug_frame   0x00000000       0x20 c:/winavr-20100110/bin/../lib/gcc/avr/4.3.3/avr6\libgcc.a(_fixunssfsi.o)
 .debug_frame   0x00000020       0x40 c:/winavr-20100110/bin/../lib/gcc/avr/4.3.3/avr6\libgcc.a(_addsub_sf.o)
 .debug_frame   0x00000060       0x20 c:/winavr-20100110/bin/../lib/gcc/avr/4.3.3/avr6\libgcc.a(_div_sf.o)
 .debug_frame   0x00000080       0x20 c:/winavr-20100110/bin/../lib/gcc/avr/4.3.3/avr6\libgcc.a(_ge_sf.o)
 .debug_frame   0x000000a0       0x20 c:/winavr-20100110/bin/../lib/gcc/avr/4.3.3/avr6\libgcc.a(_sf_to_si.o)
 .debug_frame   0x000000c0       0x20 c:/winavr-20100110/bin/../lib/gcc/avr/4.3.3/avr6\libgcc.a(_usi_to_sf.o)
 .debug_frame   0x000000e0       0x20 c:/winavr-20100110/bin/../lib/gcc/avr/4.3.3/avr6\libgcc.a(_clzsi2.o)
 .debug_frame   0x00000100       0x20 c:/winavr-20100110/bin/../lib/gcc/avr/4.3.3/avr6\libgcc.a(_pack_sf.o)
 .debug_frame   0x00000120       0x20 c:/winavr-20100110/bin/../lib/gcc/avr/4.3.3/avr6\libgcc.a(_unpack_sf.o)
 .debug_frame   0x00000140       0x20 c:/winavr-20100110/bin/../lib/gcc/avr/4.3.3/avr6\libgcc.a(_fpcmp_parts_sf.o)

.debug_str      0x00000000      0x2bf
 *(.debug_str)
 .debug_str     0x00000000       0xbf c:/winavr-20100110/bin/../lib/gcc/avr/4.3.3/avr6\libgcc.a(_fixunssfsi.o)
                                 0xfe (size before relaxing)
 .debug_str     0x000000bf      0x14d c:/winavr-20100110/bin/../lib/gcc/avr/4.3.3/avr6\libgcc.a(_addsub_sf.o)
                                0x206 (size before relaxing)
 .debug_str     0x0000020c       0x35 c:/winavr-20100110/bin/../lib/gcc/avr/4.3.3/avr6\libgcc.a(_div_sf.o)
                                0x1c8 (size before relaxing)
 .debug_str     0x00000241        0x8 c:/winavr-20100110/bin/../lib/gcc/avr/4.3.3/avr6\libgcc.a(_ge_sf.o)
                                0x195 (size before relaxing)
 .debug_str     0x00000249        0xa c:/winavr-20100110/bin/../lib/gcc/avr/4.3.3/avr6\libgcc.a(_sf_to_si.o)
                                0x19e (size before relaxing)
 .debug_str     0x00000000      0x103 c:/winavr-20100110/bin/../lib/gcc/avr/4.3.3/avr6\libgcc.a(_thenan_sf.o)
 .debug_str     0x00000253       0x21 c:/winavr-20100110/bin/../lib/gcc/avr/4.3.3/avr6\libgcc.a(_usi_to_sf.o)
                                0x177 (size before relaxing)
 .debug_str     0x00000274       0x20 c:/winavr-20100110/bin/../lib/gcc/avr/4.3.3/avr6\libgcc.a(_clzsi2.o)
                                0x111 (size before relaxing)
 .debug_str     0x00000294       0x10 c:/winavr-20100110/bin/../lib/gcc/avr/4.3.3/avr6\libgcc.a(_pack_sf.o)
                                0x19d (size before relaxing)
 .debug_str     0x000002a4        0xb c:/winavr-20100110/bin/../lib/gcc/avr/4.3.3/avr6\libgcc.a(_unpack_sf.o)
                                0x17f (size before relaxing)
 .debug_str     0x000002af       0x10 c:/winavr-20100110/bin/../lib/gcc/avr/4.3.3/avr6\libgcc.a(_fpcmp_parts_sf.o)
                                0x163 (size before relaxing)
 .debug_str     0x00000000       0xf4 c:/winavr-20100110/bin/../lib/gcc/avr/4.3.3/avr6\libgcc.a(_clz.o)

.debug_loc      0x00000000      0x7f2
 *(.debug_loc)
 .debug_loc     0x00000000       0x34 c:/winavr-20100110/bin/../lib/gcc/avr/4.3.3/avr6\libgcc.a(_fixunssfsi.o)
 .debug_loc     0x00000034      0x32a c:/winavr-20100110/bin/../lib/gcc/avr/4.3.3/avr6\libgcc.a(_addsub_sf.o)
 .debug_loc     0x0000035e       0xc0 c:/winavr-20100110/bin/../lib/gcc/avr/4.3.3/avr6\libgcc.a(_div_sf.o)
 .debug_loc     0x0000041e       0x3c c:/winavr-20100110/bin/../lib/gcc/avr/4.3.3/avr6\libgcc.a(_ge_sf.o)
 .debug_loc     0x0000045a       0x7e c:/winavr-20100110/bin/../lib/gcc/avr/4.3.3/avr6\libgcc.a(_sf_to_si.o)
 .debug_loc     0x000004d8       0x4c c:/winavr-20100110/bin/../lib/gcc/avr/4.3.3/avr6\libgcc.a(_usi_to_sf.o)
 .debug_loc     0x00000524       0x94 c:/winavr-20100110/bin/../lib/gcc/avr/4.3.3/avr6\libgcc.a(_clzsi2.o)
 .debug_loc     0x000005b8      0x13e c:/winavr-20100110/bin/../lib/gcc/avr/4.3.3/avr6\libgcc.a(_pack_sf.o)
 .debug_loc     0x000006f6       0xac c:/winavr-20100110/bin/../lib/gcc/avr/4.3.3/avr6\libgcc.a(_unpack_sf.o)
 .debug_loc     0x000007a2       0x50 c:/winavr-20100110/bin/../lib/gcc/avr/4.3.3/avr6\libgcc.a(_fpcmp_parts_sf.o)

.debug_macinfo
 *(.debug_macinfo)
OUTPUT(Blind_Rob.elf elf32-avr)
LOAD linker stubs
